// Jest Snapshot v1, https://goo.gl/fbAQLP

exports[`Component renders properly Test Submit function works 1`] = `"<div class=\\"ant-modal-root\\"><div class=\\"ant-modal-mask fade-appear\\"></div><div tabindex=\\"-1\\" class=\\"ant-modal-wrap \\" role=\\"dialog\\" aria-labelledby=\\"rcDialogTitle0\\"><div role=\\"document\\" style=\\"width: 520px;\\" class=\\"ant-modal zoom-appear\\"><div tabindex=\\"0\\" style=\\"width: 0px; height: 0px; overflow: hidden; outline: none;\\" aria-hidden=\\"true\\"></div><div class=\\"ant-modal-content\\"><button type=\\"button\\" aria-label=\\"Close\\" class=\\"ant-modal-close\\"><span class=\\"ant-modal-close-x\\"><span role=\\"img\\" aria-label=\\"close\\" class=\\"anticon anticon-close ant-modal-close-icon\\"><svg viewBox=\\"64 64 896 896\\" focusable=\\"false\\" class=\\"\\" data-icon=\\"close\\" width=\\"1em\\" height=\\"1em\\" fill=\\"currentColor\\" aria-hidden=\\"true\\"><path d=\\"M563.8 512l262.5-312.9c4.4-5.2.7-13.1-6.1-13.1h-79.8c-4.7 0-9.2 2.1-12.3 5.7L511.6 449.8 295.1 191.7c-3-3.6-7.5-5.7-12.3-5.7H203c-6.8 0-10.5 7.9-6.1 13.1L459.4 512 196.9 824.9A7.95 7.95 0 00203 838h79.8c4.7 0 9.2-2.1 12.3-5.7l216.5-258.1 216.5 258.1c3 3.6 7.5 5.7 12.3 5.7h79.8c6.8 0 10.5-7.9 6.1-13.1L563.8 512z\\"></path></svg></span></span></button><div class=\\"ant-modal-header\\"><div class=\\"ant-modal-title\\" id=\\"rcDialogTitle0\\">Add Movie</div></div><div class=\\"ant-modal-body\\"><form class=\\"ant-form ant-form-horizontal moviePopup\\"><div class=\\"ant-row ant-form-item\\"><div class=\\"ant-col ant-col-6 ant-form-item-label\\"><label for=\\"title\\" class=\\"ant-form-item-required\\" title=\\"Title\\">Title</label></div><div class=\\"ant-col ant-col-16 ant-form-item-control\\"><div class=\\"ant-form-item-control-input\\"><div class=\\"ant-form-item-control-input-content\\"><input type=\\"text\\" id=\\"title\\" class=\\"ant-input\\" value=\\"\\"></div></div></div></div><div class=\\"ant-row ant-form-item\\"><div class=\\"ant-col ant-col-6 ant-form-item-label\\"><label for=\\"type\\" class=\\"ant-form-item-required\\" title=\\"Type\\">Type</label></div><div class=\\"ant-col ant-col-16 ant-form-item-control\\"><div class=\\"ant-form-item-control-input\\"><div class=\\"ant-form-item-control-input-content\\"><div class=\\"ant-select ant-select-single ant-select-allow-clear ant-select-show-arrow\\"><div class=\\"ant-select-selector\\"><span class=\\"ant-select-selection-search\\"><input id=\\"type\\" autocomplete=\\"off\\" class=\\"ant-select-selection-search-input\\" style=\\"opacity: 0;\\" role=\\"combobox\\" aria-haspopup=\\"listbox\\" aria-owns=\\"type_list\\" aria-autocomplete=\\"list\\" aria-controls=\\"type_list\\" aria-activedescendant=\\"type_list_0\\" readonly=\\"\\" value=\\"\\"></span><span class=\\"ant-select-selection-placeholder\\"></span></div><span class=\\"ant-select-arrow\\" style=\\"user-select: none;\\" unselectable=\\"on\\" aria-hidden=\\"true\\"><span role=\\"img\\" aria-label=\\"down\\" class=\\"anticon anticon-down\\"><svg viewBox=\\"64 64 896 896\\" focusable=\\"false\\" class=\\"\\" data-icon=\\"down\\" width=\\"1em\\" height=\\"1em\\" fill=\\"currentColor\\" aria-hidden=\\"true\\"><path d=\\"M884 256h-75c-5.1 0-9.9 2.5-12.9 6.6L512 654.2 227.9 262.6c-3-4.1-7.8-6.6-12.9-6.6h-75c-6.5 0-10.3 7.4-6.5 12.7l352.6 486.1c12.8 17.6 39 17.6 51.7 0l352.6-486.1c3.9-5.3.1-12.7-6.4-12.7z\\"></path></svg></span></span></div></div></div></div></div><div class=\\"ant-row ant-form-item\\"><div class=\\"ant-col ant-col-6 ant-form-item-label\\"><label for=\\"rating\\" class=\\"ant-form-item-required\\" title=\\"Rating\\">Rating</label></div><div class=\\"ant-col ant-col-16 ant-form-item-control\\"><div class=\\"ant-form-item-control-input\\"><div class=\\"ant-form-item-control-input-content\\"><div class=\\"ant-select ant-select-single ant-select-allow-clear ant-select-show-arrow\\"><div class=\\"ant-select-selector\\"><span class=\\"ant-select-selection-search\\"><input id=\\"rating\\" autocomplete=\\"off\\" class=\\"ant-select-selection-search-input\\" style=\\"opacity: 0;\\" role=\\"combobox\\" aria-haspopup=\\"listbox\\" aria-owns=\\"rating_list\\" aria-autocomplete=\\"list\\" aria-controls=\\"rating_list\\" aria-activedescendant=\\"rating_list_0\\" readonly=\\"\\" value=\\"\\"></span><span class=\\"ant-select-selection-placeholder\\"></span></div><span class=\\"ant-select-arrow\\" style=\\"user-select: none;\\" unselectable=\\"on\\" aria-hidden=\\"true\\"><span role=\\"img\\" aria-label=\\"down\\" class=\\"anticon anticon-down\\"><svg viewBox=\\"64 64 896 896\\" focusable=\\"false\\" class=\\"\\" data-icon=\\"down\\" width=\\"1em\\" height=\\"1em\\" fill=\\"currentColor\\" aria-hidden=\\"true\\"><path d=\\"M884 256h-75c-5.1 0-9.9 2.5-12.9 6.6L512 654.2 227.9 262.6c-3-4.1-7.8-6.6-12.9-6.6h-75c-6.5 0-10.3 7.4-6.5 12.7l352.6 486.1c12.8 17.6 39 17.6 51.7 0l352.6-486.1c3.9-5.3.1-12.7-6.4-12.7z\\"></path></svg></span></span></div></div></div></div></div><div class=\\"ant-row ant-form-item\\"><div class=\\"ant-col ant-col-6 ant-form-item-label\\"><label for=\\"date\\" class=\\"ant-form-item-required\\" title=\\"Released On\\">Released On</label></div><div class=\\"ant-col ant-col-16 ant-form-item-control\\"><div class=\\"ant-form-item-control-input\\"><div class=\\"ant-form-item-control-input-content\\"><div class=\\"ant-picker\\"><div class=\\"ant-picker-input\\"><input readonly=\\"\\" placeholder=\\"Select date\\" title=\\"\\" size=\\"12\\" value=\\"\\"><span class=\\"ant-picker-suffix\\"><span role=\\"img\\" aria-label=\\"calendar\\" class=\\"anticon anticon-calendar\\"><svg viewBox=\\"64 64 896 896\\" focusable=\\"false\\" class=\\"\\" data-icon=\\"calendar\\" width=\\"1em\\" height=\\"1em\\" fill=\\"currentColor\\" aria-hidden=\\"true\\"><path d=\\"M880 184H712v-64c0-4.4-3.6-8-8-8h-56c-4.4 0-8 3.6-8 8v64H384v-64c0-4.4-3.6-8-8-8h-56c-4.4 0-8 3.6-8 8v64H144c-17.7 0-32 14.3-32 32v664c0 17.7 14.3 32 32 32h736c17.7 0 32-14.3 32-32V216c0-17.7-14.3-32-32-32zm-40 656H184V460h656v380zM184 392V256h128v48c0 4.4 3.6 8 8 8h56c4.4 0 8-3.6 8-8v-48h256v48c0 4.4 3.6 8 8 8h56c4.4 0 8-3.6 8-8v-48h128v136H184z\\"></path></svg></span></span></div></div></div></div></div></div><div class=\\"ant-row ant-form-item\\"><div class=\\"ant-col ant-col-6 ant-form-item-label\\"><label for=\\"poster\\" class=\\"ant-form-item-required\\" title=\\"Poster\\">Poster</label></div><div class=\\"ant-col ant-col-16 ant-form-item-control\\"><div class=\\"ant-form-item-control-input\\"><div class=\\"ant-form-item-control-input-content\\"><input type=\\"text\\" id=\\"poster\\" class=\\"ant-input\\" value=\\"\\"></div></div></div></div><div class=\\"ant-row ant-form-item\\"><div class=\\"ant-col ant-col-6 ant-form-item-label\\"><label for=\\"description\\" class=\\"ant-form-item-required\\" title=\\"Description\\">Description</label></div><div class=\\"ant-col ant-col-16 ant-form-item-control\\"><div class=\\"ant-form-item-control-input\\"><div class=\\"ant-form-item-control-input-content\\"><textarea placeholder=\\"Description...\\" id=\\"description\\" class=\\"ant-input\\" style=\\"height: 0px; min-height: -9007199254740991px; max-height: 9007199254740991px; overflow-y: hidden; overflow-x: hidden;\\"></textarea></div></div></div></div><div class=\\"ant-row ant-form-item\\"><div class=\\"ant-col ant-col-offset-16 ant-form-item-control\\"><div class=\\"ant-form-item-control-input\\"><div class=\\"ant-form-item-control-input-content\\"><button type=\\"button\\" class=\\"ant-btn\\"><span>Reset</span></button><button type=\\"submit\\" class=\\"ant-btn ant-btn-primary\\"><span>Submit</span></button></div></div></div></div></form></div></div><div tabindex=\\"0\\" style=\\"width: 0px; height: 0px; overflow: hidden; outline: none;\\" aria-hidden=\\"true\\"></div></div></div></div>"`;
